// Jest Snapshot v1, https://goo.gl/fbAQLP

exports[`SearchResults renders correctly 1`] = `
<DocumentFragment>
  <ul
    class="search-results-list"
  >
    <li>
      <img
        alt="An artefact from the NASA API"
        src="https://images.unsplash.com/photo-1522030299830-16b8d3d049fe?ixlib=rb-1.2.1&ixid=eyJhcHBfaWQiOjEyMDd9&w=1000&q=80"
      />
    </li>
  </ul>
</DocumentFragment>
`;
