// Jest Snapshot v1, https://goo.gl/fbAQLP

exports[`Search renders correctly 1`] = `
<DocumentFragment>
  <input
    class="search-input"
    placeholder="Search..."
    type="text"
  />
</DocumentFragment>
`;
